// Jest Snapshot v1, https://goo.gl/fbAQLP

exports[`tokens matches snapshot 1`] = `
Object {
  "borderRadius": "3px",
  "breakpoints": Array [
    640,
    1024,
  ],
  "colour": Object {
    "base": "#0E77D2",
    "black": "#03101A",
    "blue": Object {
      "200": "#F0F3F5",
      "300": "#DDE8ED",
      "400": "#C2E0F0",
      "500": "#63B5E8",
      "600": "#0E77D2",
      "700": "#054CA3",
      "800": "#1B2B4D",
      "base": "#0E77D2",
    },
    "error": "#D13D3D",
    "green": Object {
      "200": "#EBF5F3",
      "300": "#C1E8E0",
      "400": "#8DD6C8",
      "500": "#10B297",
      "600": "#008763",
      "700": "#02613C",
      "800": "#053A1F",
      "base": "#008763",
    },
    "neutral": Object {
      "100": "#FFFFFF",
      "200": "#F7F7F7",
      "300": "#EBEBEB",
      "400": "#C7CED4",
      "500": "#98A9B8",
      "600": "#607180",
      "700": "#475866",
      "800": "#203140",
      "900": "#03101A",
    },
    "red": Object {
      "200": "#F7EEED",
      "300": "#F2CECB",
      "400": "#F2B2AE",
      "500": "#DB807D",
      "600": "#D13D3D",
      "700": "#9E131A",
      "800": "#78060F",
      "base": "#D13D3D",
    },
    "success": "#008763",
    "warning": "#FDCF00",
    "white": "#FFFFFF",
    "yellow": Object {
      "200": "#F5F3F0",
      "300": "#F2EADA",
      "400": "#FAE5AF",
      "500": "#FCDA7B",
      "600": "#FDCF00",
      "700": "#CEA10C",
      "800": "#B3751E",
      "base": "#FDCF00",
    },
  },
  "font": Object {
    "family": Object {
      "mono": "'IBM Plex Mono', monospace",
      "regular": "'IBM Plex Sans', sans",
    },
    "lineHeight": Object {
      "regular": 1.5,
      "smaller": 1,
    },
    "size": Object {
      "large": 20,
      "larger": 24,
      "largest": 28,
      "medium": 16,
      "pageTitle": 28,
      "sectionTitle": 24,
      "small": 14,
      "smaller": 12,
      "subsectionTitle": 20,
    },
    "weight": Object {
      "bold": 700,
      "medium": 500,
      "normal": 400,
    },
  },
  "mediaQueries": Object {
    "max": Object {
      "large": "@media screen and (max-width: 1024px)",
      "medium": "@media screen and (max-width: 640px)",
    },
    "min": Object {
      "large": "@media screen and (min-width: 1025px)",
      "medium": "@media screen and (min-width: 641px)",
    },
  },
  "name": "Nulogy Design System",
  "radius": Object {
    "large": 6,
    "medium": 4,
    "small": 2,
  },
  "space": Object {
    "half": 4,
    "x1": 8,
    "x2": 16,
    "x3": 24,
    "x4": 32,
    "x6": 48,
    "x8": 64,
  },
}
`;
