// Jest Snapshot v1, https://goo.gl/fbAQLP

exports[`All Components matches snapshot 1`] = `
Object {
  "ApprovalButton": [Function],
  "Button": [Function],
  "DangerButton": [Function],
  "DataList": Object {
    "DataList": [Function],
    "Key": [Function],
    "List": [Function],
    "Pair": [Function],
    "Value": [Function],
  },
  "Icons": Object {
    "Icon": [Function],
    "Svgs": Object {
      "add": [Function],
      "cancel": [Function],
      "check": [Function],
      "company": [Function],
      "delete": [Function],
      "edit": [Function],
      "lock": [Function],
      "menu": [Function],
      "save": [Function],
      "search": [Function],
      "site": [Function],
      "unlock": [Function],
      "user": [Function],
    },
    "Wrapper": [Function],
    "iconSizeRatio": 1.25,
    "iconSizeRatioForLineHeight": [Function],
    "names": Array [
      "add",
      "cancel",
      "check",
      "company",
      "delete",
      "edit",
      "lock",
      "menu",
      "save",
      "search",
      "site",
      "unlock",
      "user",
    ],
  },
  "Link": [Function],
  "LinkButton": [Function],
  "QuietButton": [Function],
  "Tables": Object {
    "ActionCell": [Function],
    "Body": [Function],
    "Button": [Function],
    "Cell": [Function],
    "CreateRow": [Function],
    "DataTable": [Function],
    "Header": [Function],
    "HeaderCell": [Function],
    "Row": [Function],
    "Table": [Function],
    "TemporaryTextInput": [Function],
  },
  "Type": Object {
    "Label": [Function],
    "P": [Function],
    "SectionTitle": [Function],
    "SubsectionTitle": [Function],
    "Text": [Function],
    "Title": [Function],
    "labelStyles": [Function],
  },
}
`;
