// Jest Snapshot v1, https://goo.gl/fbAQLP

exports[`All Components matches snapshot 1`] = `
Object {
  "ApprovalButton": [Function],
  "Button": [Function],
  "DangerButton": [Function],
  "Link": [Function],
  "LinkButton": [Function],
  "QuietButton": [Function],
  "Tables": Object {
    "ActionCell": [Function],
    "Body": [Function],
    "Button": [Function],
    "Cell": [Function],
    "CreateRow": [Function],
    "Header": [Function],
    "HeaderCell": [Function],
    "Row": [Function],
    "Table": [Function],
    "TextInput": [Function],
  },
}
`;
