// Jest Snapshot v1, https://goo.gl/fbAQLP

exports[`All Components matches snapshot 1`] = `
Object {
  "ActionCell": [Function],
  "ApprovalButton": [Function],
  "Body": [Function],
  "Button": [Function],
  "Cell": [Function],
  "CreateRow": [Function],
  "CreateRowCell": [Function],
  "DangerButton": [Function],
  "Header": [Function],
  "HeaderCell": [Function],
  "Link": [Function],
  "QuietButton": [Function],
  "Row": [Function],
  "Table": [Function],
}
`;
